// Jest Snapshot v1, https://goo.gl/fbAQLP

exports[`edit book component test should create edit book component 1`] = `
Object {
  "asFragment": [Function],
  "baseElement": <body>
    <div>
      <div
        class="editBook"
      >
        <div
          class="back"
        >
          <h2
            class="editBook__alignment"
          >
            Редактирование книги
          </h2>
          <div
            class="editBook__alignment"
          >
            <div
              class="editBook__item__title"
            >
              Наименование
            </div>
            <div>
              <input
                class="input"
                type="text"
                value=""
              />
            </div>
          </div>
          <div
            class="editBook__alignment"
          >
            <div
              class="editBook__item__title"
            >
              Автор
            </div>
            <div>
              <input
                class="input"
                type="text"
                value=""
              />
            </div>
          </div>
          <div
            class="editBook__alignment"
          >
            <div
              class="editBook__item__title"
            >
              Год выпуска
            </div>
            <div>
              <input
                class="input"
                type="text"
                value=""
              />
            </div>
          </div>
          <div
            class="editBook__alignment"
          >
            <div
              class="editBook__item__title"
            >
              Изображение
            </div>
            <div>
              <input
                class="input"
                type="text"
                value=""
              />
            </div>
          </div>
        </div>
        <div
          class="editBook__alignment"
        >
          <div
            class="editBook__button"
          >
            <a
              class=""
              href="/Bookshelf"
            >
              <div>
                <button
                  class="button"
                >
                  Сохранить
                </button>
              </div>
            </a>
          </div>
          <div
            class="editBook__button"
          >
            <a
              class=""
              href="/Bookshelf"
            >
              <div>
                <button
                  class="button"
                >
                  Отменить
                </button>
              </div>
            </a>
          </div>
        </div>
      </div>
    </div>
  </body>,
  "container": <div>
    <div
      class="editBook"
    >
      <div
        class="back"
      >
        <h2
          class="editBook__alignment"
        >
          Редактирование книги
        </h2>
        <div
          class="editBook__alignment"
        >
          <div
            class="editBook__item__title"
          >
            Наименование
          </div>
          <div>
            <input
              class="input"
              type="text"
              value=""
            />
          </div>
        </div>
        <div
          class="editBook__alignment"
        >
          <div
            class="editBook__item__title"
          >
            Автор
          </div>
          <div>
            <input
              class="input"
              type="text"
              value=""
            />
          </div>
        </div>
        <div
          class="editBook__alignment"
        >
          <div
            class="editBook__item__title"
          >
            Год выпуска
          </div>
          <div>
            <input
              class="input"
              type="text"
              value=""
            />
          </div>
        </div>
        <div
          class="editBook__alignment"
        >
          <div
            class="editBook__item__title"
          >
            Изображение
          </div>
          <div>
            <input
              class="input"
              type="text"
              value=""
            />
          </div>
        </div>
      </div>
      <div
        class="editBook__alignment"
      >
        <div
          class="editBook__button"
        >
          <a
            class=""
            href="/Bookshelf"
          >
            <div>
              <button
                class="button"
              >
                Сохранить
              </button>
            </div>
          </a>
        </div>
        <div
          class="editBook__button"
        >
          <a
            class=""
            href="/Bookshelf"
          >
            <div>
              <button
                class="button"
              >
                Отменить
              </button>
            </div>
          </a>
        </div>
      </div>
    </div>
  </div>,
  "debug": [Function],
  "findAllByAltText": [Function],
  "findAllByDisplayValue": [Function],
  "findAllByLabelText": [Function],
  "findAllByPlaceholderText": [Function],
  "findAllByRole": [Function],
  "findAllByTestId": [Function],
  "findAllByText": [Function],
  "findAllByTitle": [Function],
  "findByAltText": [Function],
  "findByDisplayValue": [Function],
  "findByLabelText": [Function],
  "findByPlaceholderText": [Function],
  "findByRole": [Function],
  "findByTestId": [Function],
  "findByText": [Function],
  "findByTitle": [Function],
  "getAllByAltText": [Function],
  "getAllByDisplayValue": [Function],
  "getAllByLabelText": [Function],
  "getAllByPlaceholderText": [Function],
  "getAllByRole": [Function],
  "getAllByTestId": [Function],
  "getAllByText": [Function],
  "getAllByTitle": [Function],
  "getByAltText": [Function],
  "getByDisplayValue": [Function],
  "getByLabelText": [Function],
  "getByPlaceholderText": [Function],
  "getByRole": [Function],
  "getByTestId": [Function],
  "getByText": [Function],
  "getByTitle": [Function],
  "queryAllByAltText": [Function],
  "queryAllByDisplayValue": [Function],
  "queryAllByLabelText": [Function],
  "queryAllByPlaceholderText": [Function],
  "queryAllByRole": [Function],
  "queryAllByTestId": [Function],
  "queryAllByText": [Function],
  "queryAllByTitle": [Function],
  "queryByAltText": [Function],
  "queryByDisplayValue": [Function],
  "queryByLabelText": [Function],
  "queryByPlaceholderText": [Function],
  "queryByRole": [Function],
  "queryByTestId": [Function],
  "queryByText": [Function],
  "queryByTitle": [Function],
  "rerender": [Function],
  "unmount": [Function],
}
`;
